This file contains any messages produced by compilers while
running configure, to aid debugging if configure makes a mistake.

It was created by matchbox-desktop configure 0.9.1, which was
generated by GNU Autoconf 2.73.  Invocation command line was

  $ ./configure --enable-maintainer-mode --host=arm-unknown-linux-uclibcgnueabi --build=x86_64-pc-linux-gnu --prefix=/usr --sysconfdir=/etc --disable-static

## --------- ##
## Platform. ##
## --------- ##

hostname = muffet
uname -m = x86_64
uname -r = 7.1.5-arch1-2
uname -s = Linux
uname -v = #1 SMP PREEMPT_DYNAMIC Tue, 28 Jul 2026 13:49:51 +0000

/usr/bin/uname -p = unknown
/bin/uname -X     = unknown

/bin/arch              = unknown
/usr/bin/arch -k       = unknown
/usr/convex/getsysinfo = unknown
/usr/bin/hostinfo      = unknown
/bin/machine           = unknown
/usr/bin/oslevel       = unknown
/bin/universe          = unknown

PATH: /mnt/data/Code/piko/toolchain/x-tools/arm-unknown-linux-uclibcgnueabi/bin/
PATH: /home/vodkannelle/.local/bin/
PATH: /usr/local/bin/
PATH: /usr/bin/
PATH: /var/lib/snapd/snap/bin/
PATH: /opt/android-sdk/platform-tools/


## ----------- ##
## Core tests. ##
## ----------- ##

configure:2562: looking for aux files: config.guess config.sub ltmain.sh compile missing install-sh
configure:2575:  trying ././
configure:2604:   ././config.guess found
configure:2604:   ././config.sub found
configure:2604:   ././ltmain.sh found
configure:2604:   ././compile found
configure:2604:   ././missing found
configure:2586:   ././install-sh found
configure:2760: checking for a BSD-compatible install
configure:2834: result: /usr/bin/install -c
configure:2845: checking whether sleep supports fractional seconds
configure:2861: result: yes
configure:2864: checking filesystem timestamp resolution
configure:2999: result: 0.01
configure:3004: checking whether build environment is sane
configure:3049: result: yes
configure:3115: checking for arm-unknown-linux-uclibcgnueabi-strip
configure:3148: result: arm-unknown-linux-uclibcgnueabi-strip
configure:3220: checking for a race-free mkdir -p
configure:3263: result: /usr/bin/mkdir -p
configure:3270: checking for gawk
configure:3291: found /usr/bin/gawk
configure:3303: result: gawk
configure:3314: checking whether make sets $(MAKE)
configure:3338: result: yes
configure:3364: checking whether make supports nested variables
configure:3383: result: yes
configure:3397: checking xargs -n works
configure:3413: result: yes
configure:3498: checking whether UID '1000' is supported by ustar format
configure:3504: result: yes
configure:3511: checking whether GID '1001' is supported by ustar format
configure:3517: result: yes
configure:3525: checking how to create a ustar tar archive
configure:3536: tar --version
tar (GNU tar) 1.35
Copyright (C) 2023 Free Software Foundation, Inc.
License GPLv3+: GNU GPL version 3 or later <https://gnu.org/licenses/gpl.html>.
This is free software: you are free to change and redistribute it.
There is NO WARRANTY, to the extent permitted by law.

Written by John Gilmore and Jay Fenlason.
configure:3539: $? = 0
configure:3579: tardir=conftest.dir && eval tar --format=ustar -chf - "$tardir" >conftest.tar
configure:3582: $? = 0
configure:3586: tar -xf - <conftest.tar
configure:3589: $? = 0
configure:3591: cat conftest.dir/file
GrepMe
configure:3594: $? = 0
configure:3609: result: gnutar
configure:3636: checking whether to enable maintainer-specific portions of Makefiles
configure:3647: result: yes
configure:3680: checking whether make supports the include directive
configure:3695: make -f confmf.GNU && cat confinc.out
this is the am__doit target
configure:3698: $? = 0
configure:3717: result: yes (GNU style)
configure:3748: checking for arm-unknown-linux-uclibcgnueabi-gcc
configure:3781: result: arm-unknown-linux-uclibcgnueabi-gcc
configure:4186: checking for C compiler version
configure:4195: arm-unknown-linux-uclibcgnueabi-gcc --version >&5
arm-unknown-linux-uclibcgnueabi-gcc (crosstool-NG 1.28.0) 13.4.0
Copyright (C) 2023 Free Software Foundation, Inc.
This is free software; see the source for copying conditions.  There is NO
warranty; not even for MERCHANTABILITY or FITNESS FOR A PARTICULAR PURPOSE.

configure:4206: $? = 0
configure:4195: arm-unknown-linux-uclibcgnueabi-gcc -v >&5
Using built-in specs.
COLLECT_GCC=arm-unknown-linux-uclibcgnueabi-gcc
COLLECT_LTO_WRAPPER=/mnt/data/Code/piko/toolchain/x-tools/arm-unknown-linux-uclibcgnueabi/bin/../libexec/gcc/arm-unknown-linux-uclibcgnueabi/13.4.0/lto-wrapper
Target: arm-unknown-linux-uclibcgnueabi
Configured with: /mnt/data/Code/piko/toolchain/build/arm-unknown-linux-uclibcgnueabi/.build/arm-unknown-linux-uclibcgnueabi/src/gcc/configure --build=x86_64-build_pc-linux-gnu --host=x86_64-build_pc-linux-gnu --target=arm-unknown-linux-uclibcgnueabi --prefix=/home/vodkannelle/Code/piko/toolchain/x-tools/arm-unknown-linux-uclibcgnueabi --exec_prefix=/home/vodkannelle/Code/piko/toolchain/x-tools/arm-unknown-linux-uclibcgnueabi --with-sysroot=/home/vodkannelle/Code/piko/toolchain/x-tools/arm-unknown-linux-uclibcgnueabi/arm-unknown-linux-uclibcgnueabi/sysroot --enable-languages=c,c++ --with-cpu=arm926ej-s --with-float=soft --with-pkgversion='crosstool-NG 1.28.0' --enable-__cxa_atexit --disable-libmudflap --disable-libgomp --disable-libssp --disable-libquadmath --disable-libquadmath-support --disable-libsanitizer --disable-libmpx --with-gmp=/mnt/data/Code/piko/toolchain/build/arm-unknown-linux-uclibcgnueabi/.build/arm-unknown-linux-uclibcgnueabi/buildtools --with-mpfr=/mnt/data/Code/piko/toolchain/build/arm-unknown-linux-uclibcgnueabi/.build/arm-unknown-linux-uclibcgnueabi/buildtools --with-mpc=/mnt/data/Code/piko/toolchain/build/arm-unknown-linux-uclibcgnueabi/.build/arm-unknown-linux-uclibcgnueabi/buildtools --with-isl=/mnt/data/Code/piko/toolchain/build/arm-unknown-linux-uclibcgnueabi/.build/arm-unknown-linux-uclibcgnueabi/buildtools --enable-lto --enable-threads=posix --enable-target-optspace --enable-plugin --disable-nls --disable-multilib --with-local-prefix=/home/vodkannelle/Code/piko/toolchain/x-tools/arm-unknown-linux-uclibcgnueabi/arm-unknown-linux-uclibcgnueabi/sysroot --enable-long-long
Thread model: posix
Supported LTO compression algorithms: zlib zstd
gcc version 13.4.0 (crosstool-NG 1.28.0) 
configure:4206: $? = 0
configure:4195: arm-unknown-linux-uclibcgnueabi-gcc -V >&5
arm-unknown-linux-uclibcgnueabi-gcc: error: unrecognized command-line option '-V'
arm-unknown-linux-uclibcgnueabi-gcc: fatal error: no input files
compilation terminated.
configure:4206: $? = 1
configure:4195: arm-unknown-linux-uclibcgnueabi-gcc -qversion >&5
arm-unknown-linux-uclibcgnueabi-gcc: error: unrecognized command-line option '-qversion'; did you mean '--version'?
arm-unknown-linux-uclibcgnueabi-gcc: fatal error: no input files
compilation terminated.
configure:4206: $? = 1
configure:4195: arm-unknown-linux-uclibcgnueabi-gcc -version >&5
arm-unknown-linux-uclibcgnueabi-gcc: error: unrecognized command-line option '-version'
arm-unknown-linux-uclibcgnueabi-gcc: fatal error: no input files
compilation terminated.
configure:4206: $? = 1
configure:4226: checking whether the C compiler works
configure:4248: arm-unknown-linux-uclibcgnueabi-gcc -O2 -mcpu=xscale -I/mnt/data/Code/piko/userspace/stage-target/usr/include -L/mnt/data/Code/piko/userspace/stage-target/usr/lib -Wl,-rpath-link=/mnt/data/Code/piko/userspace/stage-target/usr/lib conftest.c  >&5
configure:4252: $? = 0
configure:4303: result: yes
configure:4307: checking for C compiler default output file name
configure:4309: result: a.out
configure:4315: checking for suffix of executables
configure:4322: arm-unknown-linux-uclibcgnueabi-gcc -o conftest -O2 -mcpu=xscale -I/mnt/data/Code/piko/userspace/stage-target/usr/include -L/mnt/data/Code/piko/userspace/stage-target/usr/lib -Wl,-rpath-link=/mnt/data/Code/piko/userspace/stage-target/usr/lib conftest.c  >&5
configure:4326: $? = 0
configure:4350: result: 
configure:4374: checking whether we are cross compiling
configure:4412: result: yes
configure:4418: checking for suffix of object files
configure:4441: arm-unknown-linux-uclibcgnueabi-gcc -c -O2 -mcpu=xscale -I/mnt/data/Code/piko/userspace/stage-target/usr/include conftest.c >&5
configure:4445: $? = 0
configure:4469: result: o
configure:4473: checking whether the compiler supports GNU C
configure:4493: arm-unknown-linux-uclibcgnueabi-gcc -c -O2 -mcpu=xscale -I/mnt/data/Code/piko/userspace/stage-target/usr/include conftest.c >&5
configure:4493: $? = 0
configure:4505: result: yes
configure:4516: checking whether arm-unknown-linux-uclibcgnueabi-gcc accepts -g
configure:4537: arm-unknown-linux-uclibcgnueabi-gcc -c -g -I/mnt/data/Code/piko/userspace/stage-target/usr/include conftest.c >&5
configure:4537: $? = 0
configure:4584: result: yes
configure:4604: checking for arm-unknown-linux-uclibcgnueabi-gcc option to enable C23 features
configure:4619: arm-unknown-linux-uclibcgnueabi-gcc  -c -O2 -mcpu=xscale -I/mnt/data/Code/piko/userspace/stage-target/usr/include conftest.c >&5
conftest.c:16:3: error: #error "Compiler advertises conformance to C17 or earlier"
   16 | # error "Compiler advertises conformance to C17 or earlier"
      |   ^~~~~
conftest.c: In function 'alignas':
conftest.c:20:23: error: expected declaration specifiers before 'c23_aligned_as_double'
   20 | char alignas (double) c23_aligned_as_double;
      |                       ^~~~~~~~~~~~~~~~~~~~~
conftest.c:21:15: error: expected declaration specifiers or '...' before numeric constant
   21 | char alignas (0) c23_no_special_alignment;
      |               ^
conftest.c:22:13: error: storage class specified for parameter 'c23_aligned_as_int'
   22 | extern char c23_aligned_as_int;
      |             ^~~~~~~~~~~~~~~~~~
conftest.c:23:15: error: expected declaration specifiers or '...' before numeric constant
   23 | char alignas (0) alignas (int) c23_aligned_as_int;
      |               ^
conftest.c:28:23: warning: implicit declaration of function 'alignof'; did you mean 'alignas'? [-Wimplicit-function-declaration]
   28 |   c23_int_alignment = alignof (int),
      |                       ^~~~~~~
      |                       alignas
conftest.c:28:32: error: expected expression before 'int'
   28 |   c23_int_alignment = alignof (int),
      |                                ^~~
conftest.c:29:38: error: expected expression before 'int'
   29 |   c23_int_array_alignment = alignof (int[100]),
      |                                      ^~~
conftest.c:30:33: error: expected expression before 'char'
   30 |   c23_char_alignment = alignof (char)
      |                                 ^~~~
conftest.c:26:1: warning: empty declaration
   26 | enum
      | ^~~~
conftest.c:32:1: error: expected declaration specifiers before 'static_assert'
   32 | static_assert (0 < -alignof (int), "alignof is signed");
      | ^~~~~~~~~~~~~
conftest.c:34:43: error: expected '=', ',', ';', 'asm' or '__attribute__' before '{' token
   34 | int function_with_unnamed_parameter (int) { return 0; }
      |                                           ^
conftest.c:40:1: error: unknown type name 'bool'
   40 | bool use_u8 = (!sizeof u8"\xFF") == (!u8'x');
      | ^~~~
conftest.c:1:1: note: 'bool' is defined in header '<stdbool.h>'; did you forget to '#include <stdbool.h>'?
    1 | /* confdefs.h */
conftest.c:40:1: error: parameter 'use_u8' is initialized
   40 | bool use_u8 = (!sizeof u8"\xFF") == (!u8'x');
      | ^~~~
conftest.c:40:39: error: 'u8' undeclared (first use in this function)
   40 | bool use_u8 = (!sizeof u8"\xFF") == (!u8'x');
      |                                       ^~
conftest.c:40:39: note: each undeclared identifier is reported only once for each function it appears in
conftest.c:40:41: error: expected ')' before 'x'
   40 | bool use_u8 = (!sizeof u8"\xFF") == (!u8'x');
      |                                     ~   ^~~
      |                                         )
conftest.c:42:1: error: unknown type name 'bool'
   42 | bool check_that_bool_works = true | false | !nullptr;
      | ^~~~
conftest.c:42:1: note: 'bool' is defined in header '<stdbool.h>'; did you forget to '#include <stdbool.h>'?
conftest.c:42:1: error: parameter 'check_that_bool_works' is initialized
conftest.c:42:30: error: 'true' undeclared (first use in this function)
   42 | bool check_that_bool_works = true | false | !nullptr;
      |                              ^~~~
conftest.c:42:30: note: 'true' is defined in header '<stdbool.h>'; did you forget to '#include <stdbool.h>'?
conftest.c:42:37: error: 'false' undeclared (first use in this function)
   42 | bool check_that_bool_works = true | false | !nullptr;
      |                                     ^~~~~
conftest.c:42:37: note: 'false' is defined in header '<stdbool.h>'; did you forget to '#include <stdbool.h>'?
conftest.c:42:46: error: 'nullptr' undeclared (first use in this function); did you mean 'nullptr_t'?
   42 | bool check_that_bool_works = true | false | !nullptr;
      |                                              ^~~~~~~
      |                                              nullptr_t
conftest.c:44:3: error: #error "true does not work in #if"
   44 | # error "true does not work in #if"
      |   ^~~~~
conftest.c:63:1: error: expected declaration specifiers before 'static_assert'
   63 | static_assert (VA_OPT_TEST (LPAREN (), 0, <:-) == 42);
      | ^~~~~~~~~~~~~
conftest.c:65:1: error: expected declaration specifiers before 'static_assert'
   65 | static_assert (0b101010 == 42);
      | ^~~~~~~~~~~~~
conftest.c:66:1: error: expected declaration specifiers before 'static_assert'
   66 | static_assert (0B101010 == 42);
      | ^~~~~~~~~~~~~
conftest.c:67:1: error: expected declaration specifiers before 'static_assert'
   67 | static_assert (0xDEAD'BEEF == 3'735'928'559);
      | ^~~~~~~~~~~~~
conftest.c:67:22: warning: character constant too long for its type
   67 | static_assert (0xDEAD'BEEF == 3'735'928'559);
      |                      ^~~~~~~~~~~
conftest.c:67:36: warning: multi-character character constant [-Wmultichar]
   67 | static_assert (0xDEAD'BEEF == 3'735'928'559);
      |                                    ^~~~~
conftest.c:68:1: error: expected declaration specifiers before 'static_assert'
   68 | static_assert (0.500'000'000 == 0.5);
      | ^~~~~~~~~~~~~
conftest.c:68:21: warning: multi-character character constant [-Wmultichar]
   68 | static_assert (0.500'000'000 == 0.5);
      |                     ^~~~~
conftest.c:70:1: warning: empty declaration
   70 | enum unsignedish : unsigned int { uione = 1 };
      | ^~~~
conftest.c:71:1: error: expected declaration specifiers before 'static_assert'
   71 | static_assert (0 < -uione);
      | ^~~~~~~~~~~~~
In file included from conftest.c:73:
/mnt/data/Code/piko/toolchain/x-tools/arm-unknown-linux-uclibcgnueabi/lib/gcc/arm-unknown-linux-uclibcgnueabi/13.4.0/include/stddef.h:145:26: error: storage class specified for parameter 'ptrdiff_t'
  145 | typedef __PTRDIFF_TYPE__ ptrdiff_t;
      |                          ^~~~~~~~~
/mnt/data/Code/piko/toolchain/x-tools/arm-unknown-linux-uclibcgnueabi/lib/gcc/arm-unknown-linux-uclibcgnueabi/13.4.0/include/stddef.h:214:23: error: storage class specified for parameter 'size_t'
  214 | typedef __SIZE_TYPE__ size_t;
      |                       ^~~~~~
/mnt/data/Code/piko/toolchain/x-tools/arm-unknown-linux-uclibcgnueabi/lib/gcc/arm-unknown-linux-uclibcgnueabi/13.4.0/include/stddef.h:329:24: error: storage class specified for parameter 'wchar_t'
  329 | typedef __WCHAR_TYPE__ wchar_t;
      |                        ^~~~~~~
/mnt/data/Code/piko/toolchain/x-tools/arm-unknown-linux-uclibcgnueabi/lib/gcc/arm-unknown-linux-uclibcgnueabi/13.4.0/include/stddef.h:436:3: error: storage class specified for parameter 'max_align_t'
  436 | } max_align_t;
      |   ^~~~~~~~~~~
conftest.c:74:1: error: unknown type name 'constexpr'
   74 | constexpr nullptr_t null_pointer = nullptr;
      | ^~~~~~~~~
conftest.c:74:21: error: expected '=', ',', ';', 'asm' or '__attribute__' before 'null_pointer'
   74 | constexpr nullptr_t null_pointer = nullptr;
      |                     ^~~~~~~~~~~~
conftest.c:76:31: error: expected '=', ',', ';', 'asm' or '__attribute__' before '{' token
   76 | static typeof (1 + 1L) two () { return 2; }
      |                               ^
conftest.c:77:26: error: expected '=', ',', ';', 'asm' or '__attribute__' before '{' token
   77 | static long int three () { return 3; }
      |                          ^
conftest.c:82:1: error: expected '=', ',', ';', 'asm' or '__attribute__' before '{' token
   82 | {
      | ^
conftest.c:20:6: error: old-style parameter declarations in prototyped function definition
   20 | char alignas (double) c23_aligned_as_double;
      |      ^~~~~~~
conftest.c:100: error: expected '{' at end of input
configure:4619: $? = 1
configure: failed program was:
| /* confdefs.h */
| #define PACKAGE_NAME "matchbox-desktop"
| #define PACKAGE_TARNAME "matchbox-desktop"
| #define PACKAGE_VERSION "0.9.1"
| #define PACKAGE_STRING "matchbox-desktop 0.9.1"
| #define PACKAGE_BUGREPORT "mallum@handhelds.org"
| #define PACKAGE_URL ""
| #define PACKAGE "matchbox-desktop"
| #define VERSION "0.9.1"
| /* end confdefs.h.  */
| 
| /* Does the compiler advertise conformance to C17 or earlier?
|    Although GCC 14 does not do that, even with -std=gnu23,
|    it is close enough, and defines __STDC_VERSION == 202000L.  */
| #if !defined __STDC_VERSION__ || __STDC_VERSION__ <= 201710L
| # error "Compiler advertises conformance to C17 or earlier"
| #endif
| 
| // Check alignas.
| char alignas (double) c23_aligned_as_double;
| char alignas (0) c23_no_special_alignment;
| extern char c23_aligned_as_int;
| char alignas (0) alignas (int) c23_aligned_as_int;
| 
| // Check alignof.
| enum
| {
|   c23_int_alignment = alignof (int),
|   c23_int_array_alignment = alignof (int[100]),
|   c23_char_alignment = alignof (char)
| };
| static_assert (0 < -alignof (int), "alignof is signed");
| 
| int function_with_unnamed_parameter (int) { return 0; }
| 
| void c23_noreturn ();
| 
| /* Test parsing of string and char UTF-8 literals (including hex escapes).
|    The parens pacify GCC 15.  */
| bool use_u8 = (!sizeof u8"\xFF") == (!u8'x');
| 
| bool check_that_bool_works = true | false | !nullptr;
| #if !true
| # error "true does not work in #if"
| #endif
| #if false
| #elifdef __STDC_VERSION__
| #else
| # error "#elifdef does not work"
| #endif
| 
| #ifndef __has_c_attribute
| # error "__has_c_attribute not defined"
| #endif
| 
| #ifndef __has_include
| # error "__has_include not defined"
| #endif
| 
| #define LPAREN() (
| #define FORTY_TWO(x) 42
| #define VA_OPT_TEST(r, x, ...) __VA_OPT__ (FORTY_TWO r x))
| static_assert (VA_OPT_TEST (LPAREN (), 0, <:-) == 42);
| 
| static_assert (0b101010 == 42);
| static_assert (0B101010 == 42);
| static_assert (0xDEAD'BEEF == 3'735'928'559);
| static_assert (0.500'000'000 == 0.5);
| 
| enum unsignedish : unsigned int { uione = 1 };
| static_assert (0 < -uione);
| 
| #include <stddef.h>
| constexpr nullptr_t null_pointer = nullptr;
| 
| static typeof (1 + 1L) two () { return 2; }
| static long int three () { return 3; }
| 
| 
| int
| main (int, char **)
| {
|   int ok = 0;
|   
|   {
|     label_before_declaration:
|       int arr[10] = {};
|       if (arr[0])
|         goto label_before_declaration;
|       if (!arr[0])
|         goto label_at_end_of_block;
|     label_at_end_of_block:
|   }
|   ok |= !null_pointer;
|   ok |= two != three;
| 
|   return ok;
| }
| 
configure:4619: arm-unknown-linux-uclibcgnueabi-gcc -std=gnu23 -c -O2 -mcpu=xscale -I/mnt/data/Code/piko/userspace/stage-target/usr/include conftest.c >&5
arm-unknown-linux-uclibcgnueabi-gcc: error: unrecognized command-line option '-std=gnu23'; did you mean '-std=gnu2x'?
configure:4619: $? = 1
configure: failed program was:
| /* confdefs.h */
| #define PACKAGE_NAME "matchbox-desktop"
| #define PACKAGE_TARNAME "matchbox-desktop"
| #define PACKAGE_VERSION "0.9.1"
| #define PACKAGE_STRING "matchbox-desktop 0.9.1"
| #define PACKAGE_BUGREPORT "mallum@handhelds.org"
| #define PACKAGE_URL ""
| #define PACKAGE "matchbox-desktop"
| #define VERSION "0.9.1"
| /* end confdefs.h.  */
| 
| /* Does the compiler advertise conformance to C17 or earlier?
|    Although GCC 14 does not do that, even with -std=gnu23,
|    it is close enough, and defines __STDC_VERSION == 202000L.  */
| #if !defined __STDC_VERSION__ || __STDC_VERSION__ <= 201710L
| # error "Compiler advertises conformance to C17 or earlier"
| #endif
| 
| // Check alignas.
| char alignas (double) c23_aligned_as_double;
| char alignas (0) c23_no_special_alignment;
| extern char c23_aligned_as_int;
| char alignas (0) alignas (int) c23_aligned_as_int;
| 
| // Check alignof.
| enum
| {
|   c23_int_alignment = alignof (int),
|   c23_int_array_alignment = alignof (int[100]),
|   c23_char_alignment = alignof (char)
| };
| static_assert (0 < -alignof (int), "alignof is signed");
| 
| int function_with_unnamed_parameter (int) { return 0; }
| 
| void c23_noreturn ();
| 
| /* Test parsing of string and char UTF-8 literals (including hex escapes).
|    The parens pacify GCC 15.  */
| bool use_u8 = (!sizeof u8"\xFF") == (!u8'x');
| 
| bool check_that_bool_works = true | false | !nullptr;
| #if !true
| # error "true does not work in #if"
| #endif
| #if false
| #elifdef __STDC_VERSION__
| #else
| # error "#elifdef does not work"
| #endif
| 
| #ifndef __has_c_attribute
| # error "__has_c_attribute not defined"
| #endif
| 
| #ifndef __has_include
| # error "__has_include not defined"
| #endif
| 
| #define LPAREN() (
| #define FORTY_TWO(x) 42
| #define VA_OPT_TEST(r, x, ...) __VA_OPT__ (FORTY_TWO r x))
| static_assert (VA_OPT_TEST (LPAREN (), 0, <:-) == 42);
| 
| static_assert (0b101010 == 42);
| static_assert (0B101010 == 42);
| static_assert (0xDEAD'BEEF == 3'735'928'559);
| static_assert (0.500'000'000 == 0.5);
| 
| enum unsignedish : unsigned int { uione = 1 };
| static_assert (0 < -uione);
| 
| #include <stddef.h>
| constexpr nullptr_t null_pointer = nullptr;
| 
| static typeof (1 + 1L) two () { return 2; }
| static long int three () { return 3; }
| 
| 
| int
| main (int, char **)
| {
|   int ok = 0;
|   
|   {
|     label_before_declaration:
|       int arr[10] = {};
|       if (arr[0])
|         goto label_before_declaration;
|       if (!arr[0])
|         goto label_at_end_of_block;
|     label_at_end_of_block:
|   }
|   ok |= !null_pointer;
|   ok |= two != three;
| 
|   return ok;
| }
| 
configure:4633: result: unsupported
configure:4653: checking for arm-unknown-linux-uclibcgnueabi-gcc option to enable C11 features
configure:4668: arm-unknown-linux-uclibcgnueabi-gcc  -c -O2 -mcpu=xscale -I/mnt/data/Code/piko/userspace/stage-target/usr/include conftest.c >&5
configure:4668: $? = 0
configure:4687: result: none needed
configure:4811: checking whether arm-unknown-linux-uclibcgnueabi-gcc understands -c and -o together
configure:4834: arm-unknown-linux-uclibcgnueabi-gcc -c conftest.c -o conftest2.o
configure:4837: $? = 0
configure:4834: arm-unknown-linux-uclibcgnueabi-gcc -c conftest.c -o conftest2.o
configure:4837: $? = 0
configure:4853: result: yes
configure:4872: checking dependency style of arm-unknown-linux-uclibcgnueabi-gcc
configure:4985: result: gcc3
configure:5005: checking for stdio.h
configure:5005: arm-unknown-linux-uclibcgnueabi-gcc -c -O2 -mcpu=xscale -I/mnt/data/Code/piko/userspace/stage-target/usr/include conftest.c >&5
configure:5005: $? = 0
configure:5005: result: yes
configure:5005: checking for stdlib.h
configure:5005: arm-unknown-linux-uclibcgnueabi-gcc -c -O2 -mcpu=xscale -I/mnt/data/Code/piko/userspace/stage-target/usr/include conftest.c >&5
configure:5005: $? = 0
configure:5005: result: yes
configure:5005: checking for string.h
configure:5005: arm-unknown-linux-uclibcgnueabi-gcc -c -O2 -mcpu=xscale -I/mnt/data/Code/piko/userspace/stage-target/usr/include conftest.c >&5
configure:5005: $? = 0
configure:5005: result: yes
configure:5005: checking for inttypes.h
configure:5005: arm-unknown-linux-uclibcgnueabi-gcc -c -O2 -mcpu=xscale -I/mnt/data/Code/piko/userspace/stage-target/usr/include conftest.c >&5
configure:5005: $? = 0
configure:5005: result: yes
configure:5005: checking for stdint.h
configure:5005: arm-unknown-linux-uclibcgnueabi-gcc -c -O2 -mcpu=xscale -I/mnt/data/Code/piko/userspace/stage-target/usr/include conftest.c >&5
configure:5005: $? = 0
configure:5005: result: yes
configure:5005: checking for strings.h
configure:5005: arm-unknown-linux-uclibcgnueabi-gcc -c -O2 -mcpu=xscale -I/mnt/data/Code/piko/userspace/stage-target/usr/include conftest.c >&5
configure:5005: $? = 0
configure:5005: result: yes
configure:5005: checking for sys/stat.h
configure:5005: arm-unknown-linux-uclibcgnueabi-gcc -c -O2 -mcpu=xscale -I/mnt/data/Code/piko/userspace/stage-target/usr/include conftest.c >&5
configure:5005: $? = 0
configure:5005: result: yes
configure:5005: checking for sys/types.h
configure:5005: arm-unknown-linux-uclibcgnueabi-gcc -c -O2 -mcpu=xscale -I/mnt/data/Code/piko/userspace/stage-target/usr/include conftest.c >&5
configure:5005: $? = 0
configure:5005: result: yes
configure:5005: checking for unistd.h
configure:5005: arm-unknown-linux-uclibcgnueabi-gcc -c -O2 -mcpu=xscale -I/mnt/data/Code/piko/userspace/stage-target/usr/include conftest.c >&5
configure:5005: $? = 0
configure:5005: result: yes
configure:5005: checking for wchar.h
configure:5005: arm-unknown-linux-uclibcgnueabi-gcc -c -O2 -mcpu=xscale -I/mnt/data/Code/piko/userspace/stage-target/usr/include conftest.c >&5
configure:5005: $? = 0
configure:5005: result: yes
configure:5005: checking for minix/config.h
configure:5005: arm-unknown-linux-uclibcgnueabi-gcc -c -O2 -mcpu=xscale -I/mnt/data/Code/piko/userspace/stage-target/usr/include conftest.c >&5
conftest.c:49:10: fatal error: minix/config.h: No such file or directory
   49 | #include <minix/config.h>
      |          ^~~~~~~~~~~~~~~~
compilation terminated.
configure:5005: $? = 1
configure: failed program was:
| /* confdefs.h */
| #define PACKAGE_NAME "matchbox-desktop"
| #define PACKAGE_TARNAME "matchbox-desktop"
| #define PACKAGE_VERSION "0.9.1"
| #define PACKAGE_STRING "matchbox-desktop 0.9.1"
| #define PACKAGE_BUGREPORT "mallum@handhelds.org"
| #define PACKAGE_URL ""
| #define PACKAGE "matchbox-desktop"
| #define VERSION "0.9.1"
| #define HAVE_STDIO_H 1
| #define HAVE_STDLIB_H 1
| #define HAVE_STRING_H 1
| #define HAVE_INTTYPES_H 1
| #define HAVE_STDINT_H 1
| #define HAVE_STRINGS_H 1
| #define HAVE_SYS_STAT_H 1
| #define HAVE_SYS_TYPES_H 1
| #define HAVE_UNISTD_H 1
| #define HAVE_WCHAR_H 1
| /* end confdefs.h.  */
| #include <stddef.h>
| #ifdef HAVE_STDIO_H
| # include <stdio.h>
| #endif
| #ifdef HAVE_STDLIB_H
| # include <stdlib.h>
| #endif
| #ifdef HAVE_STRING_H
| # include <string.h>
| #endif
| #ifdef HAVE_INTTYPES_H
| # include <inttypes.h>
| #endif
| #ifdef HAVE_STDINT_H
| # include <stdint.h>
| #endif
| #ifdef HAVE_STRINGS_H
| # include <strings.h>
| #endif
| #ifdef HAVE_SYS_TYPES_H
| # include <sys/types.h>
| #endif
| #ifdef HAVE_SYS_STAT_H
| # include <sys/stat.h>
| #endif
| #ifdef HAVE_UNISTD_H
| # include <unistd.h>
| #endif
| #include <minix/config.h>
configure:5005: result: no
configure:5036: checking whether it is safe to define __EXTENSIONS__
configure:5055: arm-unknown-linux-uclibcgnueabi-gcc -c -O2 -mcpu=xscale -I/mnt/data/Code/piko/userspace/stage-target/usr/include conftest.c >&5
configure:5055: $? = 0
configure:5065: result: yes
configure:5068: checking whether _XOPEN_SOURCE should be defined
configure:5090: arm-unknown-linux-uclibcgnueabi-gcc -c -O2 -mcpu=xscale -I/mnt/data/Code/piko/userspace/stage-target/usr/include conftest.c >&5
configure:5090: $? = 0
configure:5119: result: no
configure:5189: checking for arm-unknown-linux-uclibcgnueabi-gcc
configure:5222: result: arm-unknown-linux-uclibcgnueabi-gcc
configure:5627: checking for C compiler version
configure:5636: arm-unknown-linux-uclibcgnueabi-gcc --version >&5
arm-unknown-linux-uclibcgnueabi-gcc (crosstool-NG 1.28.0) 13.4.0
Copyright (C) 2023 Free Software Foundation, Inc.
This is free software; see the source for copying conditions.  There is NO
warranty; not even for MERCHANTABILITY or FITNESS FOR A PARTICULAR PURPOSE.

configure:5647: $? = 0
configure:5636: arm-unknown-linux-uclibcgnueabi-gcc -v >&5
Using built-in specs.
COLLECT_GCC=arm-unknown-linux-uclibcgnueabi-gcc
COLLECT_LTO_WRAPPER=/mnt/data/Code/piko/toolchain/x-tools/arm-unknown-linux-uclibcgnueabi/bin/../libexec/gcc/arm-unknown-linux-uclibcgnueabi/13.4.0/lto-wrapper
Target: arm-unknown-linux-uclibcgnueabi
Configured with: /mnt/data/Code/piko/toolchain/build/arm-unknown-linux-uclibcgnueabi/.build/arm-unknown-linux-uclibcgnueabi/src/gcc/configure --build=x86_64-build_pc-linux-gnu --host=x86_64-build_pc-linux-gnu --target=arm-unknown-linux-uclibcgnueabi --prefix=/home/vodkannelle/Code/piko/toolchain/x-tools/arm-unknown-linux-uclibcgnueabi --exec_prefix=/home/vodkannelle/Code/piko/toolchain/x-tools/arm-unknown-linux-uclibcgnueabi --with-sysroot=/home/vodkannelle/Code/piko/toolchain/x-tools/arm-unknown-linux-uclibcgnueabi/arm-unknown-linux-uclibcgnueabi/sysroot --enable-languages=c,c++ --with-cpu=arm926ej-s --with-float=soft --with-pkgversion='crosstool-NG 1.28.0' --enable-__cxa_atexit --disable-libmudflap --disable-libgomp --disable-libssp --disable-libquadmath --disable-libquadmath-support --disable-libsanitizer --disable-libmpx --with-gmp=/mnt/data/Code/piko/toolchain/build/arm-unknown-linux-uclibcgnueabi/.build/arm-unknown-linux-uclibcgnueabi/buildtools --with-mpfr=/mnt/data/Code/piko/toolchain/build/arm-unknown-linux-uclibcgnueabi/.build/arm-unknown-linux-uclibcgnueabi/buildtools --with-mpc=/mnt/data/Code/piko/toolchain/build/arm-unknown-linux-uclibcgnueabi/.build/arm-unknown-linux-uclibcgnueabi/buildtools --with-isl=/mnt/data/Code/piko/toolchain/build/arm-unknown-linux-uclibcgnueabi/.build/arm-unknown-linux-uclibcgnueabi/buildtools --enable-lto --enable-threads=posix --enable-target-optspace --enable-plugin --disable-nls --disable-multilib --with-local-prefix=/home/vodkannelle/Code/piko/toolchain/x-tools/arm-unknown-linux-uclibcgnueabi/arm-unknown-linux-uclibcgnueabi/sysroot --enable-long-long
Thread model: posix
Supported LTO compression algorithms: zlib zstd
gcc version 13.4.0 (crosstool-NG 1.28.0) 
configure:5647: $? = 0
configure:5636: arm-unknown-linux-uclibcgnueabi-gcc -V >&5
arm-unknown-linux-uclibcgnueabi-gcc: error: unrecognized command-line option '-V'
arm-unknown-linux-uclibcgnueabi-gcc: fatal error: no input files
compilation terminated.
configure:5647: $? = 1
configure:5636: arm-unknown-linux-uclibcgnueabi-gcc -qversion >&5
arm-unknown-linux-uclibcgnueabi-gcc: error: unrecognized command-line option '-qversion'; did you mean '--version'?
arm-unknown-linux-uclibcgnueabi-gcc: fatal error: no input files
compilation terminated.
configure:5647: $? = 1
configure:5636: arm-unknown-linux-uclibcgnueabi-gcc -version >&5
arm-unknown-linux-uclibcgnueabi-gcc: error: unrecognized command-line option '-version'
arm-unknown-linux-uclibcgnueabi-gcc: fatal error: no input files
compilation terminated.
configure:5647: $? = 1
configure:5651: checking whether the compiler supports GNU C
configure:5683: result: yes
configure:5694: checking whether arm-unknown-linux-uclibcgnueabi-gcc accepts -g
configure:5762: result: yes
configure:5782: checking for arm-unknown-linux-uclibcgnueabi-gcc option to enable C23 features
configure:5811: result: unsupported
configure:5831: checking for arm-unknown-linux-uclibcgnueabi-gcc option to enable C11 features
configure:5865: result: none needed
configure:5989: checking whether arm-unknown-linux-uclibcgnueabi-gcc understands -c and -o together
configure:6031: result: yes
configure:6050: checking dependency style of arm-unknown-linux-uclibcgnueabi-gcc
configure:6163: result: gcc3
configure:6214: checking build system type
configure:6230: result: x86_64-pc-linux-gnu
configure:6250: checking host system type
configure:6265: result: arm-unknown-linux-uclibcgnueabi
configure:6306: checking how to print strings
configure:6333: result: printf
configure:6354: checking for a sed that does not truncate output
configure:6426: result: /usr/bin/sed
configure:6444: checking for grep that handles long lines and -e
configure:6510: result: /usr/bin/grep
configure:6515: checking for egrep
configure:6585: result: /usr/bin/grep -E
configure:6592: checking for fgrep
configure:6662: result: /usr/bin/grep -F
configure:6699: checking for ld used by arm-unknown-linux-uclibcgnueabi-gcc
configure:6768: result: /mnt/data/Code/piko/toolchain/x-tools/arm-unknown-linux-uclibcgnueabi/arm-unknown-linux-uclibcgnueabi/bin/ld
configure:6775: checking if the linker (/mnt/data/Code/piko/toolchain/x-tools/arm-unknown-linux-uclibcgnueabi/arm-unknown-linux-uclibcgnueabi/bin/ld) is GNU ld
configure:6792: result: yes
configure:6804: checking for BSD- or MS-compatible name lister (nm)
configure:6860: result: /mnt/data/Code/piko/toolchain/x-tools/arm-unknown-linux-uclibcgnueabi/bin/arm-unknown-linux-uclibcgnueabi-nm -B
configure:7002: checking the name lister (/mnt/data/Code/piko/toolchain/x-tools/arm-unknown-linux-uclibcgnueabi/bin/arm-unknown-linux-uclibcgnueabi-nm -B) interface
configure:7010: arm-unknown-linux-uclibcgnueabi-gcc -c -O2 -mcpu=xscale -I/mnt/data/Code/piko/userspace/stage-target/usr/include conftest.c >&5
configure:7013: /mnt/data/Code/piko/toolchain/x-tools/arm-unknown-linux-uclibcgnueabi/bin/arm-unknown-linux-uclibcgnueabi-nm -B "conftest.o"
configure:7016: output
00000000 B some_variable
configure:7024: result: BSD nm
configure:7027: checking whether ln -s works
configure:7031: result: yes
configure:7039: checking the maximum length of command line arguments
configure:7172: result: 1572864
configure:7220: checking how to convert x86_64-pc-linux-gnu file names to arm-unknown-linux-uclibcgnueabi format
configure:7262: result: func_convert_file_noop
configure:7269: checking how to convert x86_64-pc-linux-gnu file names to toolchain format
configure:7291: result: func_convert_file_noop
configure:7369: checking for /mnt/data/Code/piko/toolchain/x-tools/arm-unknown-linux-uclibcgnueabi/arm-unknown-linux-uclibcgnueabi/bin/ld option to reload object files
configure:7378: result: -r
configure:7411: checking for file
configure:7432: found /usr/bin/file
configure:7445: result: file
configure:7462: checking for arm-unknown-linux-uclibcgnueabi-objdump
configure:7483: found /mnt/data/Code/piko/toolchain/x-tools/arm-unknown-linux-uclibcgnueabi/bin/arm-unknown-linux-uclibcgnueabi-objdump
configure:7495: result: arm-unknown-linux-uclibcgnueabi-objdump
configure:7573: checking how to recognize dependent libraries
configure:7782: result: pass_all
configure:7827: checking for arm-unknown-linux-uclibcgnueabi-dlltool
configure:7863: result: no
configure:7873: checking for dlltool
configure:7909: result: no
configure:7939: checking how to associate runtime and link libraries
configure:7968: result: printf %s\n
configure:7982: checking for arm-unknown-linux-uclibcgnueabi-ranlib
configure:8015: result: arm-unknown-linux-uclibcgnueabi-ranlib
configure:8088: checking for arm-unknown-linux-uclibcgnueabi-ar
configure:8121: result: arm-unknown-linux-uclibcgnueabi-ar
configure:8224: checking for archiver @FILE support
configure:8242: arm-unknown-linux-uclibcgnueabi-gcc -c -O2 -mcpu=xscale -I/mnt/data/Code/piko/userspace/stage-target/usr/include conftest.c >&5
configure:8242: $? = 0
configure:8246: arm-unknown-linux-uclibcgnueabi-ar cr libconftest.a @conftest.lst >&5
configure:8249: $? = 0
configure:8254: arm-unknown-linux-uclibcgnueabi-ar cr libconftest.a @conftest.lst >&5
arm-unknown-linux-uclibcgnueabi-ar: conftest.o: No such file or directory
configure:8257: $? = 1
configure:8270: result: @
configure:8288: checking for arm-unknown-linux-uclibcgnueabi-strip
configure:8321: result: arm-unknown-linux-uclibcgnueabi-strip
configure:8470: checking command to parse /mnt/data/Code/piko/toolchain/x-tools/arm-unknown-linux-uclibcgnueabi/bin/arm-unknown-linux-uclibcgnueabi-nm -B output from arm-unknown-linux-uclibcgnueabi-gcc object
configure:8626: arm-unknown-linux-uclibcgnueabi-gcc -c -O2 -mcpu=xscale -I/mnt/data/Code/piko/userspace/stage-target/usr/include conftest.c >&5
configure:8629: $? = 0
configure:8633: /mnt/data/Code/piko/toolchain/x-tools/arm-unknown-linux-uclibcgnueabi/bin/arm-unknown-linux-uclibcgnueabi-nm -B conftest.o | /usr/bin/sed -n -e 's/^.*[	 ]\([ABCDGIRSTW][ABCDGIRSTW]*\)[	 ][	 ]*\([_A-Za-z][_A-Za-z0-9]*\)$/\1 \2 \2/p' | /usr/bin/sed '/ __gnu_lto/d' > conftest.nm
configure:8699: arm-unknown-linux-uclibcgnueabi-gcc -o conftest -O2 -mcpu=xscale -I/mnt/data/Code/piko/userspace/stage-target/usr/include -L/mnt/data/Code/piko/userspace/stage-target/usr/lib -Wl,-rpath-link=/mnt/data/Code/piko/userspace/stage-target/usr/lib conftest.c conftstm.o >&5
configure:8702: $? = 0
configure:8741: result: ok
configure:8788: checking for sysroot
configure:8822: result: no
configure:8829: checking for a working dd
configure:8874: result: /usr/bin/dd
configure:8878: checking how to truncate binary pipes
configure:8895: result: /usr/bin/dd bs=4096 count=1
configure:9189: checking for arm-unknown-linux-uclibcgnueabi-mt
configure:9225: result: no
configure:9235: checking for mt
configure:9271: result: no
configure:9291: checking if : is a manifest tool
configure:9298: : '-?'
configure:9307: result: no
configure:10100: checking for dlfcn.h
configure:10100: arm-unknown-linux-uclibcgnueabi-gcc -c -O2 -mcpu=xscale -I/mnt/data/Code/piko/userspace/stage-target/usr/include conftest.c >&5
configure:10100: $? = 0
configure:10100: result: yes
configure:10384: checking which variant of shared library versioning to provide
configure:10387: result: (default) aix
configure:10455: checking for objdir
configure:10472: result: .libs
configure:10734: checking if arm-unknown-linux-uclibcgnueabi-gcc supports -fno-rtti -fno-exceptions
configure:10753: arm-unknown-linux-uclibcgnueabi-gcc -c -O2 -mcpu=xscale -I/mnt/data/Code/piko/userspace/stage-target/usr/include -fno-rtti -fno-exceptions conftest.c >&5
cc1: warning: command-line option '-fno-rtti' is valid for C++/D/ObjC++ but not for C
configure:10757: $? = 0
configure:10771: result: no
configure:11150: checking for arm-unknown-linux-uclibcgnueabi-gcc option to produce PIC
configure:11159: result: -fPIC -DPIC
configure:11167: checking if arm-unknown-linux-uclibcgnueabi-gcc PIC flag -fPIC -DPIC works
configure:11186: arm-unknown-linux-uclibcgnueabi-gcc -c -O2 -mcpu=xscale -I/mnt/data/Code/piko/userspace/stage-target/usr/include -fPIC -DPIC -DPIC conftest.c >&5
configure:11190: $? = 0
configure:11204: result: yes
configure:11233: checking if arm-unknown-linux-uclibcgnueabi-gcc static flag -static works
configure:11263: result: yes
configure:11278: checking if arm-unknown-linux-uclibcgnueabi-gcc supports -c -o file.o
configure:11300: arm-unknown-linux-uclibcgnueabi-gcc -c -O2 -mcpu=xscale -I/mnt/data/Code/piko/userspace/stage-target/usr/include -o out/conftest2.o conftest.c >&5
configure:11304: $? = 0
configure:11327: result: yes
configure:11335: checking if arm-unknown-linux-uclibcgnueabi-gcc supports -c -o file.o
configure:11384: result: yes
configure:11417: checking whether the arm-unknown-linux-uclibcgnueabi-gcc linker (/mnt/data/Code/piko/toolchain/x-tools/arm-unknown-linux-uclibcgnueabi/arm-unknown-linux-uclibcgnueabi/bin/ld) supports shared libraries
configure:12705: result: yes
configure:12742: checking whether -lc should be explicitly linked in
configure:12751: arm-unknown-linux-uclibcgnueabi-gcc -c -O2 -mcpu=xscale -I/mnt/data/Code/piko/userspace/stage-target/usr/include conftest.c >&5
configure:12754: $? = 0
configure:12769: arm-unknown-linux-uclibcgnueabi-gcc -shared  -fPIC -DPIC conftest.o  -v -Wl,-soname -Wl,conftest -o conftest 2\>\&1 \| /usr/bin/grep  -lc  \>/dev/null 2\>\&1
configure:12772: $? = 0
configure:12787: result: no
configure:12947: checking dynamic linker characteristics
configure:13578: arm-unknown-linux-uclibcgnueabi-gcc -o conftest -O2 -mcpu=xscale -I/mnt/data/Code/piko/userspace/stage-target/usr/include -L/mnt/data/Code/piko/userspace/stage-target/usr/lib -Wl,-rpath-link=/mnt/data/Code/piko/userspace/stage-target/usr/lib -Wl,-rpath -Wl,/foo conftest.c  >&5
configure:13578: $? = 0
configure:14346: result: GNU/Linux ld.so
configure:14468: checking how to hardcode library paths into programs
configure:14493: result: immediate
configure:14604: checking for shl_load
configure:14604: arm-unknown-linux-uclibcgnueabi-gcc -o conftest -O2 -mcpu=xscale -I/mnt/data/Code/piko/userspace/stage-target/usr/include -L/mnt/data/Code/piko/userspace/stage-target/usr/lib -Wl,-rpath-link=/mnt/data/Code/piko/userspace/stage-target/usr/lib conftest.c  >&5
/mnt/data/Code/piko/toolchain/x-tools/arm-unknown-linux-uclibcgnueabi/bin/../lib/gcc/arm-unknown-linux-uclibcgnueabi/13.4.0/../../../../arm-unknown-linux-uclibcgnueabi/bin/ld: /tmp/ccyotazN.o: in function `main':
conftest.c:(.text.startup+0x4): undefined reference to `shl_load'
collect2: error: ld returned 1 exit status
configure:14604: $? = 1
configure: failed program was:
| /* confdefs.h */
| #define PACKAGE_NAME "matchbox-desktop"
| #define PACKAGE_TARNAME "matchbox-desktop"
| #define PACKAGE_VERSION "0.9.1"
| #define PACKAGE_STRING "matchbox-desktop 0.9.1"
| #define PACKAGE_BUGREPORT "mallum@handhelds.org"
| #define PACKAGE_URL ""
| #define PACKAGE "matchbox-desktop"
| #define VERSION "0.9.1"
| #define HAVE_STDIO_H 1
| #define HAVE_STDLIB_H 1
| #define HAVE_STRING_H 1
| #define HAVE_INTTYPES_H 1
| #define HAVE_STDINT_H 1
| #define HAVE_STRINGS_H 1
| #define HAVE_SYS_STAT_H 1
| #define HAVE_SYS_TYPES_H 1
| #define HAVE_UNISTD_H 1
| #define HAVE_WCHAR_H 1
| #define STDC_HEADERS 1
| #define _ALL_SOURCE 1
| #define _COSMO_SOURCE 1
| #define _DARWIN_C_SOURCE 1
| #define _GNU_SOURCE 1
| #define _HPUX_ALT_XOPEN_SOCKET_API 1
| #define _NETBSD_SOURCE 1
| #define _OPENBSD_SOURCE 1
| #define _POSIX_PTHREAD_SEMANTICS 1
| #define __STDC_WANT_IEC_60559_ATTRIBS_EXT__ 1
| #define __STDC_WANT_IEC_60559_BFP_EXT__ 1
| #define __STDC_WANT_IEC_60559_DFP_EXT__ 1
| #define __STDC_WANT_IEC_60559_EXT__ 1
| #define __STDC_WANT_IEC_60559_FUNCS_EXT__ 1
| #define __STDC_WANT_IEC_60559_TYPES_EXT__ 1
| #define __STDC_WANT_LIB_EXT2__ 1
| #define __STDC_WANT_MATH_SPEC_FUNCS__ 1
| #define _TANDEM_SOURCE 1
| #define __EXTENSIONS__ 1
| #define HAVE_DLFCN_H 1
| #define LT_OBJDIR ".libs/"
| /* end confdefs.h.  */
| /* Define shl_load to an innocuous variant, in case <limits.h> declares shl_load.
|    For example, HP-UX 11i <limits.h> declares gettimeofday.  */
| #define shl_load innocuous_shl_load
| 
| /* System header to define __stub macros and hopefully few prototypes,
|    which can conflict with char shl_load (void); below.  */
| 
| #include <limits.h>
| #undef shl_load
| 
| /* Override any GCC internal prototype to avoid an error.
|    Use char because int might match the return type of a GCC
|    builtin and then its argument prototype would still apply.  */
| #ifdef __cplusplus
| extern "C"
| #endif
| char shl_load (void);
| /* The GNU C library defines this for functions which it implements
|     to always fail with ENOSYS.  Some functions are actually named
|     something starting with __ and the normal name is an alias.  */
| #if defined __stub_shl_load || defined __stub___shl_load
| choke me
| #endif
| 
| int
| main (void)
| {
| return shl_load ();
|   ;
|   return 0;
| }
configure:14604: result: no
configure:14609: checking for shl_load in -ldld
configure:14638: arm-unknown-linux-uclibcgnueabi-gcc -o conftest -O2 -mcpu=xscale -I/mnt/data/Code/piko/userspace/stage-target/usr/include -L/mnt/data/Code/piko/userspace/stage-target/usr/lib -Wl,-rpath-link=/mnt/data/Code/piko/userspace/stage-target/usr/lib conftest.c -ldld   >&5
/mnt/data/Code/piko/toolchain/x-tools/arm-unknown-linux-uclibcgnueabi/bin/../lib/gcc/arm-unknown-linux-uclibcgnueabi/13.4.0/../../../../arm-unknown-linux-uclibcgnueabi/bin/ld: cannot find -ldld: No such file or directory
collect2: error: ld returned 1 exit status
configure:14638: $? = 1
configure: failed program was:
| /* confdefs.h */
| #define PACKAGE_NAME "matchbox-desktop"
| #define PACKAGE_TARNAME "matchbox-desktop"
| #define PACKAGE_VERSION "0.9.1"
| #define PACKAGE_STRING "matchbox-desktop 0.9.1"
| #define PACKAGE_BUGREPORT "mallum@handhelds.org"
| #define PACKAGE_URL ""
| #define PACKAGE "matchbox-desktop"
| #define VERSION "0.9.1"
| #define HAVE_STDIO_H 1
| #define HAVE_STDLIB_H 1
| #define HAVE_STRING_H 1
| #define HAVE_INTTYPES_H 1
| #define HAVE_STDINT_H 1
| #define HAVE_STRINGS_H 1
| #define HAVE_SYS_STAT_H 1
| #define HAVE_SYS_TYPES_H 1
| #define HAVE_UNISTD_H 1
| #define HAVE_WCHAR_H 1
| #define STDC_HEADERS 1
| #define _ALL_SOURCE 1
| #define _COSMO_SOURCE 1
| #define _DARWIN_C_SOURCE 1
| #define _GNU_SOURCE 1
| #define _HPUX_ALT_XOPEN_SOCKET_API 1
| #define _NETBSD_SOURCE 1
| #define _OPENBSD_SOURCE 1
| #define _POSIX_PTHREAD_SEMANTICS 1
| #define __STDC_WANT_IEC_60559_ATTRIBS_EXT__ 1
| #define __STDC_WANT_IEC_60559_BFP_EXT__ 1
| #define __STDC_WANT_IEC_60559_DFP_EXT__ 1
| #define __STDC_WANT_IEC_60559_EXT__ 1
| #define __STDC_WANT_IEC_60559_FUNCS_EXT__ 1
| #define __STDC_WANT_IEC_60559_TYPES_EXT__ 1
| #define __STDC_WANT_LIB_EXT2__ 1
| #define __STDC_WANT_MATH_SPEC_FUNCS__ 1
| #define _TANDEM_SOURCE 1
| #define __EXTENSIONS__ 1
| #define HAVE_DLFCN_H 1
| #define LT_OBJDIR ".libs/"
| /* end confdefs.h.  */
| 
| /* Override any GCC internal prototype to avoid an error.
|    Use char because int might match the return type of a GCC
|    builtin and then its argument prototype would still apply.
|    The 'extern "C"' is for builds by C++ compilers;
|    although this is not generally supported in C code supporting it here
|    has little cost and some practical benefit (sr 110532).  */
| #ifdef __cplusplus
| extern "C"
| #endif
| char shl_load (void);
| int
| main (void)
| {
| return shl_load ();
|   ;
|   return 0;
| }
configure:14650: result: no
configure:14656: checking for dlopen
configure:14656: arm-unknown-linux-uclibcgnueabi-gcc -o conftest -O2 -mcpu=xscale -I/mnt/data/Code/piko/userspace/stage-target/usr/include -L/mnt/data/Code/piko/userspace/stage-target/usr/lib -Wl,-rpath-link=/mnt/data/Code/piko/userspace/stage-target/usr/lib conftest.c  >&5
configure:14656: $? = 0
configure:14656: result: yes
configure:14843: checking whether a program can dlopen itself
configure:14946: result: cross
configure:15093: checking whether stripping libraries is possible
configure:15102: result: yes
configure:15144: checking if libtool supports shared libraries
configure:15146: result: yes
configure:15149: checking whether to build shared libraries
configure:15174: result: yes
configure:15177: checking whether to build static libraries
configure:15181: result: no
configure:15229: checking for dirent.h that defines DIR
configure:15249: arm-unknown-linux-uclibcgnueabi-gcc -c -O2 -mcpu=xscale -I/mnt/data/Code/piko/userspace/stage-target/usr/include conftest.c >&5
configure:15249: $? = 0
configure:15260: result: yes
configure:15274: checking for library containing opendir
configure:15310: arm-unknown-linux-uclibcgnueabi-gcc -o conftest -O2 -mcpu=xscale -I/mnt/data/Code/piko/userspace/stage-target/usr/include -L/mnt/data/Code/piko/userspace/stage-target/usr/lib -Wl,-rpath-link=/mnt/data/Code/piko/userspace/stage-target/usr/lib conftest.c  >&5
configure:15310: $? = 0
configure:15332: result: none required
configure:15414: checking for egrep
configure:15484: result: /usr/bin/grep -E
configure:15492: checking for fcntl.h
configure:15492: arm-unknown-linux-uclibcgnueabi-gcc -c -O2 -mcpu=xscale -I/mnt/data/Code/piko/userspace/stage-target/usr/include conftest.c >&5
configure:15492: $? = 0
configure:15492: result: yes
configure:15498: checking for stdlib.h
configure:15498: result: yes
configure:15504: checking for string.h
configure:15504: result: yes
configure:15510: checking for unistd.h
configure:15510: result: yes
configure:15519: checking for an ANSI C-conforming const
configure:15583: arm-unknown-linux-uclibcgnueabi-gcc -c -O2 -mcpu=xscale -I/mnt/data/Code/piko/userspace/stage-target/usr/include conftest.c >&5
configure:15583: $? = 0
configure:15593: result: yes
configure:15601: checking for working volatile
configure:15621: arm-unknown-linux-uclibcgnueabi-gcc -c -O2 -mcpu=xscale -I/mnt/data/Code/piko/userspace/stage-target/usr/include conftest.c >&5
configure:15621: $? = 0
configure:15631: result: yes
configure:15641: checking return type of signal handlers
configure:15660: arm-unknown-linux-uclibcgnueabi-gcc -c -O2 -mcpu=xscale -I/mnt/data/Code/piko/userspace/stage-target/usr/include conftest.c >&5
conftest.c: In function 'main':
conftest.c:53:10: error: void value not ignored as it ought to be
   53 | return *(signal (0, 0)) (0) == 1;
      |         ~^~~~~~~~~~~~~~~~~~
configure:15660: $? = 1
configure: failed program was:
| /* confdefs.h */
| #define PACKAGE_NAME "matchbox-desktop"
| #define PACKAGE_TARNAME "matchbox-desktop"
| #define PACKAGE_VERSION "0.9.1"
| #define PACKAGE_STRING "matchbox-desktop 0.9.1"
| #define PACKAGE_BUGREPORT "mallum@handhelds.org"
| #define PACKAGE_URL ""
| #define PACKAGE "matchbox-desktop"
| #define VERSION "0.9.1"
| #define HAVE_STDIO_H 1
| #define HAVE_STDLIB_H 1
| #define HAVE_STRING_H 1
| #define HAVE_INTTYPES_H 1
| #define HAVE_STDINT_H 1
| #define HAVE_STRINGS_H 1
| #define HAVE_SYS_STAT_H 1
| #define HAVE_SYS_TYPES_H 1
| #define HAVE_UNISTD_H 1
| #define HAVE_WCHAR_H 1
| #define STDC_HEADERS 1
| #define _ALL_SOURCE 1
| #define _COSMO_SOURCE 1
| #define _DARWIN_C_SOURCE 1
| #define _GNU_SOURCE 1
| #define _HPUX_ALT_XOPEN_SOCKET_API 1
| #define _NETBSD_SOURCE 1
| #define _OPENBSD_SOURCE 1
| #define _POSIX_PTHREAD_SEMANTICS 1
| #define __STDC_WANT_IEC_60559_ATTRIBS_EXT__ 1
| #define __STDC_WANT_IEC_60559_BFP_EXT__ 1
| #define __STDC_WANT_IEC_60559_DFP_EXT__ 1
| #define __STDC_WANT_IEC_60559_EXT__ 1
| #define __STDC_WANT_IEC_60559_FUNCS_EXT__ 1
| #define __STDC_WANT_IEC_60559_TYPES_EXT__ 1
| #define __STDC_WANT_LIB_EXT2__ 1
| #define __STDC_WANT_MATH_SPEC_FUNCS__ 1
| #define _TANDEM_SOURCE 1
| #define __EXTENSIONS__ 1
| #define HAVE_DLFCN_H 1
| #define LT_OBJDIR ".libs/"
| #define HAVE_DIRENT_H 1
| #define HAVE_FCNTL_H 1
| #define HAVE_STDLIB_H 1
| #define HAVE_STRING_H 1
| #define HAVE_UNISTD_H 1
| /* end confdefs.h.  */
| #include <sys/types.h>
| #include <signal.h>
| 
| int
| main (void)
| {
| return *(signal (0, 0)) (0) == 1;
|   ;
|   return 0;
| }
configure:15670: result: void
configure:15676: checking whether lstat correctly handles trailing slash
configure:15730: result: no
configure:15747: checking whether stat accepts an empty string
configure:15783: result: yes
configure:15797: checking for alarm
configure:15797: arm-unknown-linux-uclibcgnueabi-gcc -o conftest -O2 -mcpu=xscale -I/mnt/data/Code/piko/userspace/stage-target/usr/include -L/mnt/data/Code/piko/userspace/stage-target/usr/lib -Wl,-rpath-link=/mnt/data/Code/piko/userspace/stage-target/usr/lib conftest.c  >&5
configure:15797: $? = 0
configure:15797: result: yes
configure:15803: checking for memset
configure:15803: arm-unknown-linux-uclibcgnueabi-gcc -o conftest -O2 -mcpu=xscale -I/mnt/data/Code/piko/userspace/stage-target/usr/include -L/mnt/data/Code/piko/userspace/stage-target/usr/lib -Wl,-rpath-link=/mnt/data/Code/piko/userspace/stage-target/usr/lib conftest.c  >&5
conftest.c:66:6: warning: conflicting types for built-in function 'memset'; expected 'void *(void *, int,  unsigned int)' [-Wbuiltin-declaration-mismatch]
   66 | char memset (void);
      |      ^~~~~~
conftest.c:58:1: note: 'memset' is declared in header '<string.h>'
   57 | #include <limits.h>
   58 | #undef memset
configure:15803: $? = 0
configure:15803: result: yes
configure:15809: checking for mkdir
configure:15809: arm-unknown-linux-uclibcgnueabi-gcc -o conftest -O2 -mcpu=xscale -I/mnt/data/Code/piko/userspace/stage-target/usr/include -L/mnt/data/Code/piko/userspace/stage-target/usr/lib -Wl,-rpath-link=/mnt/data/Code/piko/userspace/stage-target/usr/lib conftest.c  >&5
configure:15809: $? = 0
configure:15809: result: yes
configure:15815: checking for strchr
configure:15815: arm-unknown-linux-uclibcgnueabi-gcc -o conftest -O2 -mcpu=xscale -I/mnt/data/Code/piko/userspace/stage-target/usr/include -L/mnt/data/Code/piko/userspace/stage-target/usr/lib -Wl,-rpath-link=/mnt/data/Code/piko/userspace/stage-target/usr/lib conftest.c  >&5
conftest.c:68:6: warning: conflicting types for built-in function 'strchr'; expected 'char *(const char *, int)' [-Wbuiltin-declaration-mismatch]
   68 | char strchr (void);
      |      ^~~~~~
conftest.c:60:1: note: 'strchr' is declared in header '<string.h>'
   59 | #include <limits.h>
   60 | #undef strchr
configure:15815: $? = 0
configure:15815: result: yes
configure:15821: checking for strdup
configure:15821: arm-unknown-linux-uclibcgnueabi-gcc -o conftest -O2 -mcpu=xscale -I/mnt/data/Code/piko/userspace/stage-target/usr/include -L/mnt/data/Code/piko/userspace/stage-target/usr/lib -Wl,-rpath-link=/mnt/data/Code/piko/userspace/stage-target/usr/lib conftest.c  >&5
conftest.c:69:6: warning: conflicting types for built-in function 'strdup'; expected 'char *(const char *)' [-Wbuiltin-declaration-mismatch]
   69 | char strdup (void);
      |      ^~~~~~
configure:15821: $? = 0
configure:15821: result: yes
configure:15870: checking for arm-unknown-linux-uclibcgnueabi-pkg-config
configure:15909: result: no
configure:15919: checking for pkg-config
configure:15942: found /usr/bin/pkg-config
configure:15955: result: /usr/bin/pkg-config
configure:15967: WARNING: using cross tools not prefixed with host triplet
configure:15980: checking pkg-config is at least version 0.9.0
configure:15983: result: yes
configure:15993: checking for libmb >= 1.5
configure:16000: $PKG_CONFIG --exists --print-errors "libmb >= 1.5"
configure:16003: $? = 0
configure:16017: $PKG_CONFIG --exists --print-errors "libmb >= 1.5"
configure:16020: $? = 0
configure:16058: result: yes
configure:16068: checking for dlfcn.h
configure:16068: result: yes
configure:16099: checking for libmb xsettings support
configure:16111: result: no
configure:16294: checking that generated files are newer than configure
configure:16300: result: done
configure:16351: creating ./config.status

## ---------------------- ##
## Running config.status. ##
## ---------------------- ##

This file was extended by matchbox-desktop config.status 0.9.1, which was
generated by GNU Autoconf 2.73.  Invocation command line was

  CONFIG_FILES    = 
  CONFIG_HEADERS  = 
  CONFIG_LINKS    = 
  CONFIG_COMMANDS = 
  $ ./config.status 

on muffet

config.status:1125: creating Makefile
config.status:1125: creating matchbox-desktop.pc
config.status:1125: creating src/Makefile
config.status:1125: creating modules/Makefile
config.status:1125: creating data/Makefile
config.status:1125: creating data/mbdesktop_modules
config.status:1125: creating config.h
config.status:1306: config.h is unchanged
config.status:1354: executing depfiles commands
config.status:1429: cd src       && sed -e '/# am--include-marker/d' Makefile         | make -f - am--depfiles
make: Nothing to be done for 'am--depfiles'.
config.status:1436: $? = 0
config.status:1429: cd modules       && sed -e '/# am--include-marker/d' Makefile         | make -f - am--depfiles
make: Nothing to be done for 'am--depfiles'.
config.status:1436: $? = 0
config.status:1354: executing libtool commands

## ---------------- ##
## Cache variables. ##
## ---------------- ##

ac_cv_build=x86_64-pc-linux-gnu
ac_cv_c_compiler_gnu=yes
ac_cv_c_const=yes
ac_cv_c_volatile=yes
ac_cv_env_CC_set=set
ac_cv_env_CC_value=arm-unknown-linux-uclibcgnueabi-gcc
ac_cv_env_CFLAGS_set=set
ac_cv_env_CFLAGS_value='-O2 -mcpu=xscale'
ac_cv_env_CPPFLAGS_set=set
ac_cv_env_CPPFLAGS_value=-I/mnt/data/Code/piko/userspace/stage-target/usr/include
ac_cv_env_LDFLAGS_set=set
ac_cv_env_LDFLAGS_value='-L/mnt/data/Code/piko/userspace/stage-target/usr/lib -Wl,-rpath-link=/mnt/data/Code/piko/userspace/stage-target/usr/lib'
ac_cv_env_LIBMB_CFLAGS_set=
ac_cv_env_LIBMB_CFLAGS_value=
ac_cv_env_LIBMB_LIBS_set=
ac_cv_env_LIBMB_LIBS_value=
ac_cv_env_LIBS_set=
ac_cv_env_LIBS_value=
ac_cv_env_LT_SYS_LIBRARY_PATH_set=
ac_cv_env_LT_SYS_LIBRARY_PATH_value=
ac_cv_env_PKG_CONFIG_LIBDIR_set=set
ac_cv_env_PKG_CONFIG_LIBDIR_value=/mnt/data/Code/piko/userspace/stage-target/usr/lib/pkgconfig:/mnt/data/Code/piko/userspace/stage-target/usr/share/pkgconfig:/usr/share/pkgconfig
ac_cv_env_PKG_CONFIG_PATH_set=set
ac_cv_env_PKG_CONFIG_PATH_value=
ac_cv_env_PKG_CONFIG_set=
ac_cv_env_PKG_CONFIG_value=
ac_cv_env_SN_CFLAGS_set=
ac_cv_env_SN_CFLAGS_value=
ac_cv_env_SN_LIBS_set=
ac_cv_env_SN_LIBS_value=
ac_cv_env_build_alias_set=set
ac_cv_env_build_alias_value=x86_64-pc-linux-gnu
ac_cv_env_host_alias_set=set
ac_cv_env_host_alias_value=arm-unknown-linux-uclibcgnueabi
ac_cv_env_target_alias_set=
ac_cv_env_target_alias_value=
ac_cv_func_alarm=yes
ac_cv_func_dlopen=yes
ac_cv_func_lstat_dereferences_slashed_symlink=no
ac_cv_func_memset=yes
ac_cv_func_mkdir=yes
ac_cv_func_shl_load=no
ac_cv_func_stat_empty_string_bug=yes
ac_cv_func_strchr=yes
ac_cv_func_strdup=yes
ac_cv_header_dirent_dirent_h=yes
ac_cv_header_dlfcn_h=yes
ac_cv_header_fcntl_h=yes
ac_cv_header_inttypes_h=yes
ac_cv_header_minix_config_h=no
ac_cv_header_stdint_h=yes
ac_cv_header_stdio_h=yes
ac_cv_header_stdlib_h=yes
ac_cv_header_string_h=yes
ac_cv_header_strings_h=yes
ac_cv_header_sys_stat_h=yes
ac_cv_header_sys_types_h=yes
ac_cv_header_unistd_h=yes
ac_cv_header_wchar_h=yes
ac_cv_host=arm-unknown-linux-uclibcgnueabi
ac_cv_lib_dld_shl_load=no
ac_cv_objext=o
ac_cv_path_EGREP='/usr/bin/grep -E'
ac_cv_path_EGREP_TRADITIONAL='/usr/bin/grep -E'
ac_cv_path_FGREP='/usr/bin/grep -F'
ac_cv_path_GREP=/usr/bin/grep
ac_cv_path_SED=/usr/bin/sed
ac_cv_path_ac_pt_PKG_CONFIG=/usr/bin/pkg-config
ac_cv_path_install='/usr/bin/install -c'
ac_cv_path_lt_DD=/usr/bin/dd
ac_cv_path_mkdir=/usr/bin/mkdir
ac_cv_prog_AR=arm-unknown-linux-uclibcgnueabi-ar
ac_cv_prog_AWK=gawk
ac_cv_prog_CC=arm-unknown-linux-uclibcgnueabi-gcc
ac_cv_prog_FILECMD=file
ac_cv_prog_OBJDUMP=arm-unknown-linux-uclibcgnueabi-objdump
ac_cv_prog_RANLIB=arm-unknown-linux-uclibcgnueabi-ranlib
ac_cv_prog_STRIP=arm-unknown-linux-uclibcgnueabi-strip
ac_cv_prog_cc_c11=
ac_cv_prog_cc_c23=no
ac_cv_prog_cc_g=yes
ac_cv_prog_cc_stdc=
ac_cv_prog_make_make_set=yes
ac_cv_safe_to_define___extensions__=yes
ac_cv_search_opendir='none required'
ac_cv_should_define__xopen_source=no
ac_cv_type_signal=void
am_cv_CC_dependencies_compiler_type=gcc3
am_cv_filesystem_timestamp_resolution=0.01
am_cv_make_support_nested_variables=yes
am_cv_prog_cc_c_o=yes
am_cv_prog_tar_ustar=gnutar
am_cv_sleep_fractional_seconds=yes
am_cv_xargs_n_works=yes
lt_cv_ar_at_file=@
lt_cv_archive_cmds_need_lc=no
lt_cv_deplibs_check_method=pass_all
lt_cv_dlopen=dlopen
lt_cv_dlopen_libs=
lt_cv_dlopen_self=cross
lt_cv_file_magic_cmd='$MAGIC_CMD'
lt_cv_file_magic_test_file=
lt_cv_ld_reload_flag=-r
lt_cv_nm_interface='BSD nm'
lt_cv_objdir=.libs
lt_cv_path_LD=/mnt/data/Code/piko/toolchain/x-tools/arm-unknown-linux-uclibcgnueabi/arm-unknown-linux-uclibcgnueabi/bin/ld
lt_cv_path_NM='/mnt/data/Code/piko/toolchain/x-tools/arm-unknown-linux-uclibcgnueabi/bin/arm-unknown-linux-uclibcgnueabi-nm -B'
lt_cv_path_manifest_tool=no
lt_cv_prog_compiler_c_o=yes
lt_cv_prog_compiler_pic='-fPIC -DPIC'
lt_cv_prog_compiler_pic_works=yes
lt_cv_prog_compiler_rtti_exceptions=no
lt_cv_prog_compiler_static_works=yes
lt_cv_prog_gnu_ld=yes
lt_cv_sharedlib_from_linklib_cmd='printf %s\n'
lt_cv_shlibpath_overrides_runpath=no
lt_cv_sys_global_symbol_pipe='/usr/bin/sed -n -e '\''s/^.*[	 ]\([ABCDGIRSTW][ABCDGIRSTW]*\)[	 ][	 ]*\([_A-Za-z][_A-Za-z0-9]*\)$/\1 \2 \2/p'\'' | /usr/bin/sed '\''/ __gnu_lto/d'\'''
lt_cv_sys_global_symbol_to_c_name_address='/usr/bin/sed -n -e '\''s/^: \(.*\) .*$/  {"\1", (void *) 0},/p'\'' -e '\''s/^[ABCDGIRSTW][ABCDGIRSTW]* .* \([a-zA-Z_][a-zA-Z0-9_]*\)$/  {"\1", (void *) \&\1},/p'\'''
lt_cv_sys_global_symbol_to_c_name_address_lib_prefix='/usr/bin/sed -n -e '\''s/^: \(.*\) .*$/  {"\1", (void *) 0},/p'\'' -e '\''s/^[ABCDGIRSTW][ABCDGIRSTW]* .* \(lib[a-zA-Z_][a-zA-Z0-9_]*\)$/  {"\1", (void *) \&\1},/p'\'' -e '\''s/^[ABCDGIRSTW][ABCDGIRSTW]* .* \([a-zA-Z_][a-zA-Z0-9_]*\)$/  {"lib\1", (void *) \&\1},/p'\'''
lt_cv_sys_global_symbol_to_cdecl='/usr/bin/sed -n -e '\''s/^T .* \([a-zA-Z_][a-zA-Z0-9_]*\)$/extern int \1();/p'\'' -e '\''s/^[ABCDGIRSTW][ABCDGIRSTW]* .* \([a-zA-Z_][a-zA-Z0-9_]*\)$/extern char \1;/p'\'''
lt_cv_sys_global_symbol_to_import=
lt_cv_sys_max_cmd_len=1572864
lt_cv_to_host_file_cmd=func_convert_file_noop
lt_cv_to_tool_file_cmd=func_convert_file_noop
lt_cv_truncate_bin='/usr/bin/dd bs=4096 count=1'
pkg_cv_LIBMB_CFLAGS='-I/mnt/data/Code/piko/userspace/stage-target/usr/include -I/mnt/data/Code/piko/userspace/stage-target/usr/include/libpng16 -I/mnt/data/Code/piko/userspace/stage-target/usr/include/freetype2'
pkg_cv_LIBMB_LIBS='-L/mnt/data/Code/piko/userspace/stage-target/usr/lib -lmb -lXext -lpng16 -lXft -lX11'

## ----------------- ##
## Output variables. ##
## ----------------- ##

ACLOCAL='${SHELL} '\''/mnt/data/Code/piko/userspace/src/matchbox-desktop-classic/missing'\'' aclocal-1.18'
AMDEPBACKSLASH='\'
AMDEP_FALSE='#'
AMDEP_TRUE=''
AMTAR='$${TAR-tar}'
AM_BACKSLASH='\'
AM_DEFAULT_V='$(AM_DEFAULT_VERBOSITY)'
AM_DEFAULT_VERBOSITY='1'
AM_V='$(V)'
AR='arm-unknown-linux-uclibcgnueabi-ar'
AUTOCONF='${SHELL} '\''/mnt/data/Code/piko/userspace/src/matchbox-desktop-classic/missing'\'' autoconf'
AUTOHEADER='${SHELL} '\''/mnt/data/Code/piko/userspace/src/matchbox-desktop-classic/missing'\'' autoheader'
AUTOMAKE='${SHELL} '\''/mnt/data/Code/piko/userspace/src/matchbox-desktop-classic/missing'\'' automake-1.18'
AWK='gawk'
CC='arm-unknown-linux-uclibcgnueabi-gcc'
CCDEPMODE='depmode=gcc3'
CFLAGS='-O2 -mcpu=xscale'
CPPFLAGS='-I/mnt/data/Code/piko/userspace/stage-target/usr/include'
CSCOPE='cscope'
CTAGS='ctags'
CYGPATH_W='echo'
DEFS='-DHAVE_CONFIG_H'
DEPDIR='.deps'
DLLTOOL='false'
DSYMUTIL=''
DUMPBIN=''
ECHO_C=''
ECHO_N='-n'
ECHO_T=''
EGREP='/usr/bin/grep -E'
ETAGS='etags'
EXEEXT=''
FGREP='/usr/bin/grep -F'
FILECMD='file'
GCC_WARNINGS='-g -Wall -fno-strict-aliasing'
GREP='/usr/bin/grep'
INSTALL_DATA='${INSTALL} -m 644'
INSTALL_PROGRAM='${INSTALL}'
INSTALL_SCRIPT='${INSTALL}'
INSTALL_STRIP_PROGRAM='$(install_sh) -c -s'
LD='/mnt/data/Code/piko/toolchain/x-tools/arm-unknown-linux-uclibcgnueabi/arm-unknown-linux-uclibcgnueabi/bin/ld'
LDFLAGS='-L/mnt/data/Code/piko/userspace/stage-target/usr/lib -Wl,-rpath-link=/mnt/data/Code/piko/userspace/stage-target/usr/lib'
LIBMB_CFLAGS='-I/mnt/data/Code/piko/userspace/stage-target/usr/include -I/mnt/data/Code/piko/userspace/stage-target/usr/include/libpng16 -I/mnt/data/Code/piko/userspace/stage-target/usr/include/freetype2'
LIBMB_LIBS='-L/mnt/data/Code/piko/userspace/stage-target/usr/lib -lmb -lXext -lpng16 -lXft -lX11'
LIBOBJS=' ${LIBOBJDIR}lstat$U.o ${LIBOBJDIR}stat$U.o'
LIBS=''
LIBTOOL='$(SHELL) $(top_builddir)/libtool'
LIPO=''
LN_S='ln -s'
LTLIBOBJS=' ${LIBOBJDIR}lstat$U.lo ${LIBOBJDIR}stat$U.lo'
LT_SYS_LIBRARY_PATH=''
MAINT=''
MAINTAINER_MODE_FALSE='#'
MAINTAINER_MODE_TRUE=''
MAKEINFO='${SHELL} '\''/mnt/data/Code/piko/userspace/src/matchbox-desktop-classic/missing'\'' makeinfo'
MANIFEST_TOOL=':'
MBDESKTOP_PLUGIN_DIR='/usr/lib/matchbox/desktop'
MKDIR_P='/usr/bin/mkdir -p'
NM='/mnt/data/Code/piko/toolchain/x-tools/arm-unknown-linux-uclibcgnueabi/bin/arm-unknown-linux-uclibcgnueabi-nm -B'
NMEDIT=''
OBJDUMP='arm-unknown-linux-uclibcgnueabi-objdump'
OBJEXT='o'
OTOOL64=''
OTOOL=''
PACKAGE='matchbox-desktop'
PACKAGE_BUGREPORT='mallum@handhelds.org'
PACKAGE_NAME='matchbox-desktop'
PACKAGE_STRING='matchbox-desktop 0.9.1'
PACKAGE_TARNAME='matchbox-desktop'
PACKAGE_URL=''
PACKAGE_VERSION='0.9.1'
PATH_SEPARATOR=':'
PKG_CONFIG='/usr/bin/pkg-config'
PKG_CONFIG_LIBDIR='/mnt/data/Code/piko/userspace/stage-target/usr/lib/pkgconfig:/mnt/data/Code/piko/userspace/stage-target/usr/share/pkgconfig:/usr/share/pkgconfig'
PKG_CONFIG_PATH=''
RANLIB='arm-unknown-linux-uclibcgnueabi-ranlib'
SED='/usr/bin/sed'
SET_MAKE=''
SHELL='/bin/sh'
SN_CFLAGS=''
SN_LIBS=''
STRIP='arm-unknown-linux-uclibcgnueabi-strip'
VERSION='0.9.1'
ac_ct_AR=''
ac_ct_CC=''
ac_ct_DUMPBIN=''
am__EXEEXT_FALSE=''
am__EXEEXT_TRUE='#'
am__fastdepCC_FALSE='#'
am__fastdepCC_TRUE=''
am__include='include'
am__isrc=''
am__leading_dot='.'
am__nodep='_no'
am__quote=''
am__rm_f_notfound=''
am__tar='tar --format=ustar -chf - "$$tardir"'
am__untar='tar -xf -'
am__xargs_n='xargs -n'
bindir='${exec_prefix}/bin'
build='x86_64-pc-linux-gnu'
build_alias='x86_64-pc-linux-gnu'
build_cpu='x86_64'
build_os='linux-gnu'
build_vendor='pc'
datadir='${datarootdir}'
datarootdir='${prefix}/share'
docdir='${datarootdir}/doc/${PACKAGE_TARNAME}'
dvidir='${docdir}'
exec_prefix='${prefix}'
host='arm-unknown-linux-uclibcgnueabi'
host_alias='arm-unknown-linux-uclibcgnueabi'
host_cpu='arm'
host_os='linux-uclibcgnueabi'
host_vendor='unknown'
htmldir='${docdir}'
includedir='${prefix}/include'
infodir='${datarootdir}/info'
install_sh='${SHELL} /mnt/data/Code/piko/userspace/src/matchbox-desktop-classic/install-sh'
libdir='${exec_prefix}/lib'
libexecdir='${exec_prefix}/libexec'
localedir='${datarootdir}/locale'
localstatedir='${prefix}/var'
mandir='${datarootdir}/man'
mkdir_p='$(MKDIR_P)'
oldincludedir='/usr/include'
pdfdir='${docdir}'
prefix='/usr'
program_transform_name='s,x,x,'
psdir='${docdir}'
runstatedir='${localstatedir}/run'
sbindir='${exec_prefix}/sbin'
sharedstatedir='${prefix}/com'
sysconfdir='/etc'
target_alias=''

## ----------- ##
## confdefs.h. ##
## ----------- ##

/* confdefs.h */
#define PACKAGE_NAME "matchbox-desktop"
#define PACKAGE_TARNAME "matchbox-desktop"
#define PACKAGE_VERSION "0.9.1"
#define PACKAGE_STRING "matchbox-desktop 0.9.1"
#define PACKAGE_BUGREPORT "mallum@handhelds.org"
#define PACKAGE_URL ""
#define PACKAGE "matchbox-desktop"
#define VERSION "0.9.1"
#define HAVE_STDIO_H 1
#define HAVE_STDLIB_H 1
#define HAVE_STRING_H 1
#define HAVE_INTTYPES_H 1
#define HAVE_STDINT_H 1
#define HAVE_STRINGS_H 1
#define HAVE_SYS_STAT_H 1
#define HAVE_SYS_TYPES_H 1
#define HAVE_UNISTD_H 1
#define HAVE_WCHAR_H 1
#define STDC_HEADERS 1
#define _ALL_SOURCE 1
#define _COSMO_SOURCE 1
#define _DARWIN_C_SOURCE 1
#define _GNU_SOURCE 1
#define _HPUX_ALT_XOPEN_SOCKET_API 1
#define _NETBSD_SOURCE 1
#define _OPENBSD_SOURCE 1
#define _POSIX_PTHREAD_SEMANTICS 1
#define __STDC_WANT_IEC_60559_ATTRIBS_EXT__ 1
#define __STDC_WANT_IEC_60559_BFP_EXT__ 1
#define __STDC_WANT_IEC_60559_DFP_EXT__ 1
#define __STDC_WANT_IEC_60559_EXT__ 1
#define __STDC_WANT_IEC_60559_FUNCS_EXT__ 1
#define __STDC_WANT_IEC_60559_TYPES_EXT__ 1
#define __STDC_WANT_LIB_EXT2__ 1
#define __STDC_WANT_MATH_SPEC_FUNCS__ 1
#define _TANDEM_SOURCE 1
#define __EXTENSIONS__ 1
#define HAVE_DLFCN_H 1
#define LT_OBJDIR ".libs/"
#define HAVE_DIRENT_H 1
#define HAVE_FCNTL_H 1
#define HAVE_STDLIB_H 1
#define HAVE_STRING_H 1
#define HAVE_UNISTD_H 1
#define RETSIGTYPE void
#define HAVE_STAT_EMPTY_STRING_BUG 1
#define HAVE_ALARM 1
#define HAVE_MEMSET 1
#define HAVE_MKDIR 1
#define HAVE_STRCHR 1
#define HAVE_STRDUP 1
#define HAVE_DLFCN_H 1

configure: exit 
